<html>
<body>
<pre>
<h1>µVision Build Log</h1>
<h2>Project:</h2>
D:\Cloud\Google Drive\Raj\arm-7\gps iot based blind stick\blind stick with gps & iot.uvproj
Project File Date:  11/29/2018

<h2>Output:</h2>
Rebuild target 'Target 1'
assembling Startup.s...
compiling blind stick with gps & iot.c...
blind stick with gps & iot.c(336): warning:  #1-D: last line of file ends without a newline
  }
blind stick with gps & iot.c: 1 warning, 0 errors
linking...
Program Size: Code=6596 RO-data=32 RW-data=36 ZI-data=1292  
FromELF: creating hex file...
".\blind stick with gps & iot.axf" - 0 Error(s), 1 Warning(s).
ing:  #1-D: last line of file ends without a newline
  }
blind stick with gps & iot.c: 3 warnings, 0 errors
linking...
.\blind stick with gps & iot.axf: Error: L6218E: Undefined symbol ser_init_0 (referred from blind stick with gps & iot.o).
.\blind stick with gps & iot.axf: Error: L6218E: Undefined symbol ser_init_1 (referred from blind stick with gps & iot.o).
Not enough information to list image symbols.
Finished: 1 information, 0 warning and 2 error messages.
".\blind stick with gps & iot.axf" - 2 Error(s), 3 Warning(s).
Target not created
);
blind stick with gps & iot.c(328): warning:  #1-D: last line of file ends without a newline
  }
blind stick with gps & iot.c: 3 warnings, 3 errors
".\blind stick with gps & iot.axf" - 3 Error(s), 3 Warning(s).
Target not created
